[0.013s] Invoking command in '/home/ma/train/ros_for_ma/build/serial_example': /usr/bin/cmake --build /home/ma/train/ros_for_ma/build/serial_example -- -j8 -l8
[0.028s] -- Found ament_cmake: 1.3.5 (/opt/ros/humble/share/ament_cmake/cmake)
[0.121s] -- Found rclcpp: 16.0.5 (/opt/ros/humble/share/rclcpp/cmake)
[0.140s] -- Found rosidl_generator_c: 3.1.5 (/opt/ros/humble/share/rosidl_generator_c/cmake)
[0.142s] -- Found rosidl_adapter: 3.1.5 (/opt/ros/humble/share/rosidl_adapter/cmake)
[0.145s] -- Found rosidl_generator_cpp: 3.1.5 (/opt/ros/humble/share/rosidl_generator_cpp/cmake)
[0.151s] -- Using all available rosidl_typesupport_c: rosidl_typesupport_fastrtps_c;rosidl_typesupport_introspection_c
[0.160s] -- Using all available rosidl_typesupport_cpp: rosidl_typesupport_fastrtps_cpp;rosidl_typesupport_introspection_cpp
[0.195s] -- Found rmw_implementation_cmake: 6.1.1 (/opt/ros/humble/share/rmw_implementation_cmake/cmake)
[0.195s] -- Found rmw_fastrtps_cpp: 6.2.3 (/opt/ros/humble/share/rmw_fastrtps_cpp/cmake)
[0.271s] -- Using RMW implementation 'rmw_fastrtps_cpp' as default
[0.370s] -- Found serial_driver: 1.2.0 (/opt/ros/humble/share/serial_driver/cmake)
[0.528s] -- Found ament_lint_auto: 0.12.7 (/opt/ros/humble/share/ament_lint_auto/cmake)
[0.559s] Error parsing '/home/ma/train/ros_for_ma/src/serial_example/package.xml':
[0.585s] Traceback (most recent call last):
[0.585s]   File "/usr/lib/python3/dist-packages/catkin_pkg/package.py", line 610, in parse_package_string
[0.585s]     root = dom.parseString(data)
[0.585s]   File "/usr/lib/python3.10/xml/dom/minidom.py", line 2000, in parseString
[0.585s]     return expatbuilder.parseString(string)
[0.585s]   File "/usr/lib/python3.10/xml/dom/expatbuilder.py", line 925, in parseString
[0.585s]     return builder.parseString(string)
[0.585s]   File "/usr/lib/python3.10/xml/dom/expatbuilder.py", line 223, in parseString
[0.585s]     parser.Parse(string, True)
[0.585s] xml.parsers.expat.ExpatError: mismatched tag: line 12, column 18
[0.585s] 
[0.585s] During handling of the above exception, another exception occurred:
[0.585s] 
[0.586s] Traceback (most recent call last):
[0.586s]   File "/opt/ros/humble/share/ament_cmake_core/cmake/core/package_xml_2_cmake.py", line 150, in <module>
[0.586s]     main()
[0.586s]   File "/opt/ros/humble/share/ament_cmake_core/cmake/core/package_xml_2_cmake.py", line 53, in main
[0.586s]     raise e
[0.586s]   File "/opt/ros/humble/share/ament_cmake_core/cmake/core/package_xml_2_cmake.py", line 49, in main
[0.586s]     package = parse_package_string(
[0.586s]   File "/usr/lib/python3/dist-packages/catkin_pkg/package.py", line 612, in parse_package_string
[0.586s]     raise InvalidPackage('The manifest contains invalid XML:\n%s' % ex, filename)
[0.586s] catkin_pkg.package.InvalidPackage: Error(s) in package '/home/ma/train/ros_for_ma/src/serial_example/package.xml':
[0.586s] The manifest contains invalid XML:
[0.586s] mismatched tag: line 12, column 18
[0.595s] [31mCMake Error at /opt/ros/humble/share/ament_cmake_core/cmake/core/ament_package_xml.cmake:95 (message):
[0.596s]   execute_process(/usr/bin/python3.10
[0.596s]   /opt/ros/humble/share/ament_cmake_core/cmake/core/package_xml_2_cmake.py
[0.596s]   /home/ma/train/ros_for_ma/src/serial_example/package.xml
[0.596s]   /home/ma/train/ros_for_ma/build/serial_example/ament_cmake_core/package.cmake)
[0.596s]   returned error code 1
[0.596s] Call Stack (most recent call first):
[0.596s]   /opt/ros/humble/share/ament_cmake_core/cmake/core/ament_package_xml.cmake:49 (_ament_package_xml)
[0.596s]   /opt/ros/humble/share/ament_lint_auto/cmake/ament_lint_auto_find_test_dependencies.cmake:31 (ament_package_xml)
[0.596s]   CMakeLists.txt:44 (ament_lint_auto_find_test_dependencies)
[0.596s] 
[0.596s] [0m
[0.596s] -- Configuring incomplete, errors occurred!
[0.596s] See also "/home/ma/train/ros_for_ma/build/serial_example/CMakeFiles/CMakeOutput.log".
[0.600s] gmake: *** [Makefile:267: cmake_check_build_system] Error 1
[0.602s] Invoked command in '/home/ma/train/ros_for_ma/build/serial_example' returned '2': /usr/bin/cmake --build /home/ma/train/ros_for_ma/build/serial_example -- -j8 -l8
