[0.000000] (-) TimerEvent: {}
[0.000104] (serial_example) JobQueued: {'identifier': 'serial_example', 'dependencies': OrderedDict()}
[0.000146] (serial_example) JobStarted: {'identifier': 'serial_example'}
[0.009671] (serial_example) JobProgress: {'identifier': 'serial_example', 'progress': 'cmake'}
[0.010219] (serial_example) JobProgress: {'identifier': 'serial_example', 'progress': 'build'}
[0.010756] (serial_example) Command: {'cmd': ['/usr/bin/cmake', '--build', '/home/ma/train/ros_for_ma/build/serial_example', '--', '-j8', '-l8'], 'cwd': '/home/ma/train/ros_for_ma/build/serial_example', 'env': OrderedDict([('GJS_DEBUG_TOPICS', 'JS ERROR;JS LOG'), ('LESSOPEN', '| /usr/bin/lesspipe %s'), ('USER', 'ma'), ('XDG_SESSION_TYPE', 'wayland'), ('GIT_ASKPASS', '/usr/share/code/resources/app/extensions/git/dist/askpass.sh'), ('SHLVL', '1'), ('LD_LIBRARY_PATH', '/usr/lib/x86_64-linux-gnu/gazebo-11/plugins:/opt/ros/humble/opt/rviz_ogre_vendor/lib:/opt/ros/humble/lib/x86_64-linux-gnu:/opt/ros/humble/lib'), ('HOME', '/home/ma'), ('CHROME_DESKTOP', 'code-url-handler.desktop'), ('TERM_PROGRAM_VERSION', '1.71.2'), ('DESKTOP_SESSION', 'ubuntu'), ('GIO_LAUNCHED_DESKTOP_FILE', '/usr/share/applications/code.desktop'), ('ROS_PYTHON_VERSION', '3'), ('GNOME_SHELL_SESSION_MODE', 'ubuntu'), ('GTK_MODULES', 'gail:atk-bridge'), ('VSCODE_GIT_ASKPASS_MAIN', '/usr/share/code/resources/app/extensions/git/dist/askpass-main.js'), ('VSCODE_GIT_ASKPASS_NODE', '/usr/share/code/code'), ('MANAGERPID', '990'), ('SYSTEMD_EXEC_PID', '1149'), ('IM_CONFIG_CHECK_ENV', '1'), ('DBUS_SESSION_BUS_ADDRESS', 'unix:path=/run/user/1000/bus'), ('COLORTERM', 'truecolor'), ('GIO_LAUNCHED_DESKTOP_FILE_PID', '1845'), ('IM_CONFIG_PHASE', '1'), ('WAYLAND_DISPLAY', 'wayland-0'), ('COLCON_PREFIX_PATH', '/home/ma/train/ros_for_ma/install'), ('ROS_DISTRO', 'humble'), ('LOGNAME', 'ma'), ('JOURNAL_STREAM', '8:19280'), ('_', '/usr/bin/colcon'), ('ROS_VERSION', '2'), ('PKG_CONFIG_PATH', ':/usr/local/lib/pkgconfig:/usr/local/lib/pkgconfig'), ('XDG_SESSION_CLASS', 'user'), ('USERNAME', 'ma'), ('TERM', 'xterm-256color'), ('GNOME_DESKTOP_SESSION_ID', 'this-is-deprecated'), ('ROS_LOCALHOST_ONLY', '0'), ('PATH', '/opt/ros/humble/bin:/usr/local/sbin:/usr/local/bin:/usr/sbin:/usr/bin:/sbin:/bin:/usr/games:/usr/local/games:/snap/bin:/snap/bin'), ('SESSION_MANAGER', 'local/ma-Default-string:@/tmp/.ICE-unix/1130,unix/ma-Default-string:/tmp/.ICE-unix/1130'), ('INVOCATION_ID', 'd3f4c63c7e99406eacd56021a227f794'), ('XDG_MENU_PREFIX', 'gnome-'), ('GNOME_SETUP_DISPLAY', ':1'), ('XDG_RUNTIME_DIR', '/run/user/1000'), ('GDK_BACKEND', 'x11'), ('DISPLAY', ':0'), ('LANG', 'en_US.UTF-8'), ('XDG_CURRENT_DESKTOP', 'Unity'), ('XMODIFIERS', '@im=ibus'), ('XDG_SESSION_DESKTOP', 'ubuntu'), ('XAUTHORITY', '/run/user/1000/.mutter-Xwaylandauth.VEQE91'), ('LS_COLORS', 'rs=0:di=01;34:ln=01;36:mh=00:pi=40;33:so=01;35:do=01;35:bd=40;33;01:cd=40;33;01:or=40;31;01:mi=00:su=37;41:sg=30;43:ca=30;41:tw=30;42:ow=34;42:st=37;44:ex=01;32:*.tar=01;31:*.tgz=01;31:*.arc=01;31:*.arj=01;31:*.taz=01;31:*.lha=01;31:*.lz4=01;31:*.lzh=01;31:*.lzma=01;31:*.tlz=01;31:*.txz=01;31:*.tzo=01;31:*.t7z=01;31:*.zip=01;31:*.z=01;31:*.dz=01;31:*.gz=01;31:*.lrz=01;31:*.lz=01;31:*.lzo=01;31:*.xz=01;31:*.zst=01;31:*.tzst=01;31:*.bz2=01;31:*.bz=01;31:*.tbz=01;31:*.tbz2=01;31:*.tz=01;31:*.deb=01;31:*.rpm=01;31:*.jar=01;31:*.war=01;31:*.ear=01;31:*.sar=01;31:*.rar=01;31:*.alz=01;31:*.ace=01;31:*.zoo=01;31:*.cpio=01;31:*.7z=01;31:*.rz=01;31:*.cab=01;31:*.wim=01;31:*.swm=01;31:*.dwm=01;31:*.esd=01;31:*.jpg=01;35:*.jpeg=01;35:*.mjpg=01;35:*.mjpeg=01;35:*.gif=01;35:*.bmp=01;35:*.pbm=01;35:*.pgm=01;35:*.ppm=01;35:*.tga=01;35:*.xbm=01;35:*.xpm=01;35:*.tif=01;35:*.tiff=01;35:*.png=01;35:*.svg=01;35:*.svgz=01;35:*.mng=01;35:*.pcx=01;35:*.mov=01;35:*.mpg=01;35:*.mpeg=01;35:*.m2v=01;35:*.mkv=01;35:*.webm=01;35:*.webp=01;35:*.ogm=01;35:*.mp4=01;35:*.m4v=01;35:*.mp4v=01;35:*.vob=01;35:*.qt=01;35:*.nuv=01;35:*.wmv=01;35:*.asf=01;35:*.rm=01;35:*.rmvb=01;35:*.flc=01;35:*.avi=01;35:*.fli=01;35:*.flv=01;35:*.gl=01;35:*.dl=01;35:*.xcf=01;35:*.xwd=01;35:*.yuv=01;35:*.cgm=01;35:*.emf=01;35:*.ogv=01;35:*.ogx=01;35:*.aac=00;36:*.au=00;36:*.flac=00;36:*.m4a=00;36:*.mid=00;36:*.midi=00;36:*.mka=00;36:*.mp3=00;36:*.mpc=00;36:*.ogg=00;36:*.ra=00;36:*.wav=00;36:*.oga=00;36:*.opus=00;36:*.spx=00;36:*.xspf=00;36:'), ('VSCODE_GIT_IPC_HANDLE', '/run/user/1000/vscode-git-4fb9bd2658.sock'), ('TERM_PROGRAM', 'vscode'), ('SSH_AGENT_LAUNCHER', 'gnome-keyring'), ('SSH_AUTH_SOCK', '/run/user/1000/keyring/ssh'), ('AMENT_PREFIX_PATH', '/home/ma/train/ros_for_ma/install/serial_example:/opt/ros/humble'), ('ORIGINAL_XDG_CURRENT_DESKTOP', 'ubuntu:GNOME'), ('SHELL', '/bin/bash'), ('QT_ACCESSIBILITY', '1'), ('GDMSESSION', 'ubuntu'), ('LESSCLOSE', '/usr/bin/lesspipe %s %s'), ('GJS_DEBUG_OUTPUT', 'stderr'), ('VSCODE_GIT_ASKPASS_EXTRA_ARGS', '--ms-enable-electron-run-as-node'), ('QT_IM_MODULE', 'ibus'), ('PWD', '/home/ma/train/ros_for_ma/build/serial_example'), ('LC_ALL', 'en_US.UTF-8'), ('XDG_CONFIG_DIRS', '/etc/xdg/xdg-ubuntu:/etc/xdg'), ('XDG_DATA_DIRS', '/usr/share/ubuntu:/usr/local/share/:/usr/share/:/var/lib/snapd/desktop'), ('PYTHONPATH', '/opt/ros/humble/lib/python3.10/site-packages:/opt/ros/humble/local/lib/python3.10/dist-packages'), ('COLCON', '1'), ('CMAKE_PREFIX_PATH', '/home/ma/train/ros_for_ma/install/serial_example')]), 'shell': False}
[0.027847] (serial_example) StdoutLine: {'line': b'-- Found ament_cmake: 1.3.5 (/opt/ros/humble/share/ament_cmake/cmake)\n'}
[0.099296] (-) TimerEvent: {}
[0.121306] (serial_example) StdoutLine: {'line': b'-- Found rclcpp: 16.0.5 (/opt/ros/humble/share/rclcpp/cmake)\n'}
[0.140206] (serial_example) StdoutLine: {'line': b'-- Found rosidl_generator_c: 3.1.5 (/opt/ros/humble/share/rosidl_generator_c/cmake)\n'}
[0.141678] (serial_example) StdoutLine: {'line': b'-- Found rosidl_adapter: 3.1.5 (/opt/ros/humble/share/rosidl_adapter/cmake)\n'}
[0.145142] (serial_example) StdoutLine: {'line': b'-- Found rosidl_generator_cpp: 3.1.5 (/opt/ros/humble/share/rosidl_generator_cpp/cmake)\n'}
[0.151460] (serial_example) StdoutLine: {'line': b'-- Using all available rosidl_typesupport_c: rosidl_typesupport_fastrtps_c;rosidl_typesupport_introspection_c\n'}
[0.160393] (serial_example) StdoutLine: {'line': b'-- Using all available rosidl_typesupport_cpp: rosidl_typesupport_fastrtps_cpp;rosidl_typesupport_introspection_cpp\n'}
[0.194749] (serial_example) StdoutLine: {'line': b'-- Found rmw_implementation_cmake: 6.1.1 (/opt/ros/humble/share/rmw_implementation_cmake/cmake)\n'}
[0.195419] (serial_example) StdoutLine: {'line': b'-- Found rmw_fastrtps_cpp: 6.2.3 (/opt/ros/humble/share/rmw_fastrtps_cpp/cmake)\n'}
[0.199356] (-) TimerEvent: {}
[0.271274] (serial_example) StdoutLine: {'line': b"-- Using RMW implementation 'rmw_fastrtps_cpp' as default\n"}
[0.299446] (-) TimerEvent: {}
[0.370070] (serial_example) StdoutLine: {'line': b'-- Found serial_driver: 1.2.0 (/opt/ros/humble/share/serial_driver/cmake)\n'}
[0.399549] (-) TimerEvent: {}
[0.499836] (-) TimerEvent: {}
[0.528438] (serial_example) StdoutLine: {'line': b'-- Found ament_lint_auto: 0.12.7 (/opt/ros/humble/share/ament_lint_auto/cmake)\n'}
[0.558748] (serial_example) StderrLine: {'line': b"Error parsing '/home/ma/train/ros_for_ma/src/serial_example/package.xml':\n"}
[0.584576] (serial_example) StderrLine: {'line': b'Traceback (most recent call last):\n'}
[0.585140] (serial_example) StderrLine: {'line': b'  File "/usr/lib/python3/dist-packages/catkin_pkg/package.py", line 610, in parse_package_string\n'}
[0.585214] (serial_example) StderrLine: {'line': b'    root = dom.parseString(data)\n'}
[0.585259] (serial_example) StderrLine: {'line': b'  File "/usr/lib/python3.10/xml/dom/minidom.py", line 2000, in parseString\n'}
[0.585299] (serial_example) StderrLine: {'line': b'    return expatbuilder.parseString(string)\n'}
[0.585338] (serial_example) StderrLine: {'line': b'  File "/usr/lib/python3.10/xml/dom/expatbuilder.py", line 925, in parseString\n'}
[0.585377] (serial_example) StderrLine: {'line': b'    return builder.parseString(string)\n'}
[0.585417] (serial_example) StderrLine: {'line': b'  File "/usr/lib/python3.10/xml/dom/expatbuilder.py", line 223, in parseString\n'}
[0.585464] (serial_example) StderrLine: {'line': b'    parser.Parse(string, True)\n'}
[0.585503] (serial_example) StderrLine: {'line': b'xml.parsers.expat.ExpatError: mismatched tag: line 12, column 18\n'}
[0.585542] (serial_example) StderrLine: {'line': b'\n'}
[0.585581] (serial_example) StderrLine: {'line': b'During handling of the above exception, another exception occurred:\n'}
[0.585621] (serial_example) StderrLine: {'line': b'\n'}
[0.585660] (serial_example) StderrLine: {'line': b'Traceback (most recent call last):\n'}
[0.585700] (serial_example) StderrLine: {'line': b'  File "/opt/ros/humble/share/ament_cmake_core/cmake/core/package_xml_2_cmake.py", line 150, in <module>\n'}
[0.585737] (serial_example) StderrLine: {'line': b'    main()\n'}
[0.585775] (serial_example) StderrLine: {'line': b'  File "/opt/ros/humble/share/ament_cmake_core/cmake/core/package_xml_2_cmake.py", line 53, in main\n'}
[0.585811] (serial_example) StderrLine: {'line': b'    raise e\n'}
[0.585848] (serial_example) StderrLine: {'line': b'  File "/opt/ros/humble/share/ament_cmake_core/cmake/core/package_xml_2_cmake.py", line 49, in main\n'}
[0.585884] (serial_example) StderrLine: {'line': b'    package = parse_package_string(\n'}
[0.585922] (serial_example) StderrLine: {'line': b'  File "/usr/lib/python3/dist-packages/catkin_pkg/package.py", line 612, in parse_package_string\n'}
[0.585960] (serial_example) StderrLine: {'line': b"    raise InvalidPackage('The manifest contains invalid XML:\\n%s' % ex, filename)\n"}
[0.585999] (serial_example) StderrLine: {'line': b"catkin_pkg.package.InvalidPackage: Error(s) in package '/home/ma/train/ros_for_ma/src/serial_example/package.xml':\n"}
[0.586038] (serial_example) StderrLine: {'line': b'The manifest contains invalid XML:\n'}
[0.586076] (serial_example) StderrLine: {'line': b'mismatched tag: line 12, column 18\n'}
[0.595446] (serial_example) StderrLine: {'line': b'\x1b[31mCMake Error at /opt/ros/humble/share/ament_cmake_core/cmake/core/ament_package_xml.cmake:95 (message):\n'}
[0.595660] (serial_example) StderrLine: {'line': b'  execute_process(/usr/bin/python3.10\n'}
[0.595711] (serial_example) StderrLine: {'line': b'  /opt/ros/humble/share/ament_cmake_core/cmake/core/package_xml_2_cmake.py\n'}
[0.595750] (serial_example) StderrLine: {'line': b'  /home/ma/train/ros_for_ma/src/serial_example/package.xml\n'}
[0.595787] (serial_example) StderrLine: {'line': b'  /home/ma/train/ros_for_ma/build/serial_example/ament_cmake_core/package.cmake)\n'}
[0.595824] (serial_example) StderrLine: {'line': b'  returned error code 1\n'}
[0.595860] (serial_example) StderrLine: {'line': b'Call Stack (most recent call first):\n'}
[0.595896] (serial_example) StderrLine: {'line': b'  /opt/ros/humble/share/ament_cmake_core/cmake/core/ament_package_xml.cmake:49 (_ament_package_xml)\n'}
[0.595932] (serial_example) StderrLine: {'line': b'  /opt/ros/humble/share/ament_lint_auto/cmake/ament_lint_auto_find_test_dependencies.cmake:31 (ament_package_xml)\n'}
[0.595967] (serial_example) StderrLine: {'line': b'  CMakeLists.txt:44 (ament_lint_auto_find_test_dependencies)\n'}
[0.596003] (serial_example) StderrLine: {'line': b'\n'}
[0.596039] (serial_example) StderrLine: {'line': b'\x1b[0m\n'}
[0.596075] (serial_example) StdoutLine: {'line': b'-- Configuring incomplete, errors occurred!\n'}
[0.596117] (serial_example) StdoutLine: {'line': b'See also "/home/ma/train/ros_for_ma/build/serial_example/CMakeFiles/CMakeOutput.log".\n'}
[0.599926] (-) TimerEvent: {}
[0.600376] (serial_example) StderrLine: {'line': b'gmake: *** [Makefile:267: cmake_check_build_system] Error 1\n'}
[0.601958] (serial_example) CommandEnded: {'returncode': 2}
[0.602218] (serial_example) JobEnded: {'identifier': 'serial_example', 'rc': 2}
[0.612401] (-) EventReactorShutdown: {}
